--------------------------------------------------------------------------------
Release 14.7 Trace  (nt64)
Copyright (c) 1995-2013 Xilinx, Inc.  All rights reserved.

C:\Xilinx\14.7\ISE_DS\ISE\bin\nt64\unwrapped\trce.exe -intstyle ise -v 3 -s 5
-n 3 -fastpaths -xml TopLevel.twx TopLevel.ncd -o TopLevel.twr TopLevel.pcf
-ucf Constraints.ucf

Design file:              TopLevel.ncd
Physical constraint file: TopLevel.pcf
Device,package,speed:     xc3s50a,tq144,-5 (PRODUCTION 1.42 2013-10-13)
Report level:             verbose report

Environment Variable      Effect 
--------------------      ------ 
NONE                      No environment variables were set
--------------------------------------------------------------------------------

INFO:Timing:3412 - To improve timing, see the Timing Closure User Guide (UG612).
INFO:Timing:2752 - To get complete path coverage, use the unconstrained paths 
   option. All paths that are not constrained will be reported in the 
   unconstrained paths section(s) of the report.
INFO:Timing:3339 - The clock-to-out numbers in this timing report are based on 
   a 50 Ohm transmission line loading model.  For the details of this model, 
   and for more information on accounting for different loading conditions, 
   please see the device datasheet.
INFO:Timing:3390 - This architecture does not support a default System Jitter 
   value, please add SYSTEM_JITTER constraint to the UCF to modify the Clock 
   Uncertainty calculation.
INFO:Timing:3389 - This architecture does not support 'Discrete Jitter' and 
   'Phase Error' calculations, these terms will be zero in the Clock 
   Uncertainty calculation.  Please make appropriate modification to 
   SYSTEM_JITTER to account for the unsupported Discrete Jitter and Phase 
   Error.

================================================================================
Timing constraint: NET "CLOCK_BUFGP/IBUFG" PERIOD = 83.3333333 ns HIGH 50%;
For more information, see Period Analysis in the Timing Closure User Guide (UG612).

 136 paths analyzed, 38 endpoints analyzed, 0 failing endpoints
 0 timing errors detected. (0 setup errors, 0 hold errors, 0 component switching limit errors)
 Minimum period is   3.517ns.
--------------------------------------------------------------------------------

Paths for end point XLXI_2/COUNT_15 (SLICE_X13Y23.CIN), 14 paths
--------------------------------------------------------------------------------
Slack (setup path):     79.816ns (requirement - (data path - clock path skew + uncertainty))
  Source:               XLXI_2/COUNT_0 (FF)
  Destination:          XLXI_2/COUNT_15 (FF)
  Requirement:          83.333ns
  Data Path Delay:      3.534ns (Levels of Logic = 8)
  Clock Path Skew:      0.017ns (0.022 - 0.005)
  Source Clock:         CLOCK_BUFGP rising at 0.000ns
  Destination Clock:    CLOCK_BUFGP rising at 83.333ns
  Clock Uncertainty:    0.000ns

  Maximum Data Path: XLXI_2/COUNT_0 to XLXI_2/COUNT_15
    Location             Delay type         Delay(ns)  Physical Resource
                                                       Logical Resource(s)
    -------------------------------------------------  -------------------
    SLICE_X13Y16.XQ      Tcko                  0.495   XLXI_2/COUNT<0>
                                                       XLXI_2/COUNT_0
    SLICE_X13Y16.F1      net (fanout=2)        0.529   XLXI_2/COUNT<0>
    SLICE_X13Y16.COUT    Topcyf                1.026   XLXI_2/COUNT<0>
                                                       XLXI_2/Mcount_COUNT_lut<0>_INV_0
                                                       XLXI_2/Mcount_COUNT_cy<0>
                                                       XLXI_2/Mcount_COUNT_cy<1>
    SLICE_X13Y17.CIN     net (fanout=1)        0.000   XLXI_2/Mcount_COUNT_cy<1>
    SLICE_X13Y17.COUT    Tbyp                  0.130   XLXI_2/COUNT<2>
                                                       XLXI_2/Mcount_COUNT_cy<2>
                                                       XLXI_2/Mcount_COUNT_cy<3>
    SLICE_X13Y18.CIN     net (fanout=1)        0.000   XLXI_2/Mcount_COUNT_cy<3>
    SLICE_X13Y18.COUT    Tbyp                  0.130   XLXI_2/COUNT<4>
                                                       XLXI_2/Mcount_COUNT_cy<4>
                                                       XLXI_2/Mcount_COUNT_cy<5>
    SLICE_X13Y19.CIN     net (fanout=1)        0.000   XLXI_2/Mcount_COUNT_cy<5>
    SLICE_X13Y19.COUT    Tbyp                  0.130   XLXI_2/COUNT<6>
                                                       XLXI_2/Mcount_COUNT_cy<6>
                                                       XLXI_2/Mcount_COUNT_cy<7>
    SLICE_X13Y20.CIN     net (fanout=1)        0.000   XLXI_2/Mcount_COUNT_cy<7>
    SLICE_X13Y20.COUT    Tbyp                  0.130   XLXI_2/COUNT<8>
                                                       XLXI_2/Mcount_COUNT_cy<8>
                                                       XLXI_2/Mcount_COUNT_cy<9>
    SLICE_X13Y21.CIN     net (fanout=1)        0.000   XLXI_2/Mcount_COUNT_cy<9>
    SLICE_X13Y21.COUT    Tbyp                  0.130   XLXI_2/COUNT<10>
                                                       XLXI_2/Mcount_COUNT_cy<10>
                                                       XLXI_2/Mcount_COUNT_cy<11>
    SLICE_X13Y22.CIN     net (fanout=1)        0.000   XLXI_2/Mcount_COUNT_cy<11>
    SLICE_X13Y22.COUT    Tbyp                  0.130   XLXI_2/COUNT<12>
                                                       XLXI_2/Mcount_COUNT_cy<12>
                                                       XLXI_2/Mcount_COUNT_cy<13>
    SLICE_X13Y23.CIN     net (fanout=1)        0.000   XLXI_2/Mcount_COUNT_cy<13>
    SLICE_X13Y23.CLK     Tcinck                0.704   XLXI_2/COUNT<14>
                                                       XLXI_2/Mcount_COUNT_cy<14>
                                                       XLXI_2/Mcount_COUNT_xor<15>
                                                       XLXI_2/COUNT_15
    -------------------------------------------------  ---------------------------
    Total                                      3.534ns (3.005ns logic, 0.529ns route)
                                                       (85.0% logic, 15.0% route)

--------------------------------------------------------------------------------
Slack (setup path):     80.005ns (requirement - (data path - clock path skew + uncertainty))
  Source:               XLXI_2/COUNT_1 (FF)
  Destination:          XLXI_2/COUNT_15 (FF)
  Requirement:          83.333ns
  Data Path Delay:      3.345ns (Levels of Logic = 8)
  Clock Path Skew:      0.017ns (0.022 - 0.005)
  Source Clock:         CLOCK_BUFGP rising at 0.000ns
  Destination Clock:    CLOCK_BUFGP rising at 83.333ns
  Clock Uncertainty:    0.000ns

  Maximum Data Path: XLXI_2/COUNT_1 to XLXI_2/COUNT_15
    Location             Delay type         Delay(ns)  Physical Resource
                                                       Logical Resource(s)
    -------------------------------------------------  -------------------
    SLICE_X13Y16.YQ      Tcko                  0.524   XLXI_2/COUNT<0>
                                                       XLXI_2/COUNT_1
    SLICE_X13Y16.G4      net (fanout=2)        0.328   XLXI_2/COUNT<1>
    SLICE_X13Y16.COUT    Topcyg                1.009   XLXI_2/COUNT<0>
                                                       XLXI_2/COUNT<1>_rt
                                                       XLXI_2/Mcount_COUNT_cy<1>
    SLICE_X13Y17.CIN     net (fanout=1)        0.000   XLXI_2/Mcount_COUNT_cy<1>
    SLICE_X13Y17.COUT    Tbyp                  0.130   XLXI_2/COUNT<2>
                                                       XLXI_2/Mcount_COUNT_cy<2>
                                                       XLXI_2/Mcount_COUNT_cy<3>
    SLICE_X13Y18.CIN     net (fanout=1)        0.000   XLXI_2/Mcount_COUNT_cy<3>
    SLICE_X13Y18.COUT    Tbyp                  0.130   XLXI_2/COUNT<4>
                                                       XLXI_2/Mcount_COUNT_cy<4>
                                                       XLXI_2/Mcount_COUNT_cy<5>
    SLICE_X13Y19.CIN     net (fanout=1)        0.000   XLXI_2/Mcount_COUNT_cy<5>
    SLICE_X13Y19.COUT    Tbyp                  0.130   XLXI_2/COUNT<6>
                                                       XLXI_2/Mcount_COUNT_cy<6>
                                                       XLXI_2/Mcount_COUNT_cy<7>
    SLICE_X13Y20.CIN     net (fanout=1)        0.000   XLXI_2/Mcount_COUNT_cy<7>
    SLICE_X13Y20.COUT    Tbyp                  0.130   XLXI_2/COUNT<8>
                                                       XLXI_2/Mcount_COUNT_cy<8>
                                                       XLXI_2/Mcount_COUNT_cy<9>
    SLICE_X13Y21.CIN     net (fanout=1)        0.000   XLXI_2/Mcount_COUNT_cy<9>
    SLICE_X13Y21.COUT    Tbyp                  0.130   XLXI_2/COUNT<10>
                                                       XLXI_2/Mcount_COUNT_cy<10>
                                                       XLXI_2/Mcount_COUNT_cy<11>
    SLICE_X13Y22.CIN     net (fanout=1)        0.000   XLXI_2/Mcount_COUNT_cy<11>
    SLICE_X13Y22.COUT    Tbyp                  0.130   XLXI_2/COUNT<12>
                                                       XLXI_2/Mcount_COUNT_cy<12>
                                                       XLXI_2/Mcount_COUNT_cy<13>
    SLICE_X13Y23.CIN     net (fanout=1)        0.000   XLXI_2/Mcount_COUNT_cy<13>
    SLICE_X13Y23.CLK     Tcinck                0.704   XLXI_2/COUNT<14>
                                                       XLXI_2/Mcount_COUNT_cy<14>
                                                       XLXI_2/Mcount_COUNT_xor<15>
                                                       XLXI_2/COUNT_15
    -------------------------------------------------  ---------------------------
    Total                                      3.345ns (3.017ns logic, 0.328ns route)
                                                       (90.2% logic, 9.8% route)

--------------------------------------------------------------------------------
Slack (setup path):     80.052ns (requirement - (data path - clock path skew + uncertainty))
  Source:               XLXI_2/COUNT_2 (FF)
  Destination:          XLXI_2/COUNT_15 (FF)
  Requirement:          83.333ns
  Data Path Delay:      3.298ns (Levels of Logic = 7)
  Clock Path Skew:      0.017ns (0.022 - 0.005)
  Source Clock:         CLOCK_BUFGP rising at 0.000ns
  Destination Clock:    CLOCK_BUFGP rising at 83.333ns
  Clock Uncertainty:    0.000ns

  Maximum Data Path: XLXI_2/COUNT_2 to XLXI_2/COUNT_15
    Location             Delay type         Delay(ns)  Physical Resource
                                                       Logical Resource(s)
    -------------------------------------------------  -------------------
    SLICE_X13Y17.XQ      Tcko                  0.495   XLXI_2/COUNT<2>
                                                       XLXI_2/COUNT_2
    SLICE_X13Y17.F2      net (fanout=2)        0.423   XLXI_2/COUNT<2>
    SLICE_X13Y17.COUT    Topcyf                1.026   XLXI_2/COUNT<2>
                                                       XLXI_2/COUNT<2>_rt
                                                       XLXI_2/Mcount_COUNT_cy<2>
                                                       XLXI_2/Mcount_COUNT_cy<3>
    SLICE_X13Y18.CIN     net (fanout=1)        0.000   XLXI_2/Mcount_COUNT_cy<3>
    SLICE_X13Y18.COUT    Tbyp                  0.130   XLXI_2/COUNT<4>
                                                       XLXI_2/Mcount_COUNT_cy<4>
                                                       XLXI_2/Mcount_COUNT_cy<5>
    SLICE_X13Y19.CIN     net (fanout=1)        0.000   XLXI_2/Mcount_COUNT_cy<5>
    SLICE_X13Y19.COUT    Tbyp                  0.130   XLXI_2/COUNT<6>
                                                       XLXI_2/Mcount_COUNT_cy<6>
                                                       XLXI_2/Mcount_COUNT_cy<7>
    SLICE_X13Y20.CIN     net (fanout=1)        0.000   XLXI_2/Mcount_COUNT_cy<7>
    SLICE_X13Y20.COUT    Tbyp                  0.130   XLXI_2/COUNT<8>
                                                       XLXI_2/Mcount_COUNT_cy<8>
                                                       XLXI_2/Mcount_COUNT_cy<9>
    SLICE_X13Y21.CIN     net (fanout=1)        0.000   XLXI_2/Mcount_COUNT_cy<9>
    SLICE_X13Y21.COUT    Tbyp                  0.130   XLXI_2/COUNT<10>
                                                       XLXI_2/Mcount_COUNT_cy<10>
                                                       XLXI_2/Mcount_COUNT_cy<11>
    SLICE_X13Y22.CIN     net (fanout=1)        0.000   XLXI_2/Mcount_COUNT_cy<11>
    SLICE_X13Y22.COUT    Tbyp                  0.130   XLXI_2/COUNT<12>
                                                       XLXI_2/Mcount_COUNT_cy<12>
                                                       XLXI_2/Mcount_COUNT_cy<13>
    SLICE_X13Y23.CIN     net (fanout=1)        0.000   XLXI_2/Mcount_COUNT_cy<13>
    SLICE_X13Y23.CLK     Tcinck                0.704   XLXI_2/COUNT<14>
                                                       XLXI_2/Mcount_COUNT_cy<14>
                                                       XLXI_2/Mcount_COUNT_xor<15>
                                                       XLXI_2/COUNT_15
    -------------------------------------------------  ---------------------------
    Total                                      3.298ns (2.875ns logic, 0.423ns route)
                                                       (87.2% logic, 12.8% route)

--------------------------------------------------------------------------------

Paths for end point XLXI_2/COUNT_13 (SLICE_X13Y22.CIN), 12 paths
--------------------------------------------------------------------------------
Slack (setup path):     79.946ns (requirement - (data path - clock path skew + uncertainty))
  Source:               XLXI_2/COUNT_0 (FF)
  Destination:          XLXI_2/COUNT_13 (FF)
  Requirement:          83.333ns
  Data Path Delay:      3.404ns (Levels of Logic = 7)
  Clock Path Skew:      0.017ns (0.022 - 0.005)
  Source Clock:         CLOCK_BUFGP rising at 0.000ns
  Destination Clock:    CLOCK_BUFGP rising at 83.333ns
  Clock Uncertainty:    0.000ns

  Maximum Data Path: XLXI_2/COUNT_0 to XLXI_2/COUNT_13
    Location             Delay type         Delay(ns)  Physical Resource
                                                       Logical Resource(s)
    -------------------------------------------------  -------------------
    SLICE_X13Y16.XQ      Tcko                  0.495   XLXI_2/COUNT<0>
                                                       XLXI_2/COUNT_0
    SLICE_X13Y16.F1      net (fanout=2)        0.529   XLXI_2/COUNT<0>
    SLICE_X13Y16.COUT    Topcyf                1.026   XLXI_2/COUNT<0>
                                                       XLXI_2/Mcount_COUNT_lut<0>_INV_0
                                                       XLXI_2/Mcount_COUNT_cy<0>
                                                       XLXI_2/Mcount_COUNT_cy<1>
    SLICE_X13Y17.CIN     net (fanout=1)        0.000   XLXI_2/Mcount_COUNT_cy<1>
    SLICE_X13Y17.COUT    Tbyp                  0.130   XLXI_2/COUNT<2>
                                                       XLXI_2/Mcount_COUNT_cy<2>
                                                       XLXI_2/Mcount_COUNT_cy<3>
    SLICE_X13Y18.CIN     net (fanout=1)        0.000   XLXI_2/Mcount_COUNT_cy<3>
    SLICE_X13Y18.COUT    Tbyp                  0.130   XLXI_2/COUNT<4>
                                                       XLXI_2/Mcount_COUNT_cy<4>
                                                       XLXI_2/Mcount_COUNT_cy<5>
    SLICE_X13Y19.CIN     net (fanout=1)        0.000   XLXI_2/Mcount_COUNT_cy<5>
    SLICE_X13Y19.COUT    Tbyp                  0.130   XLXI_2/COUNT<6>
                                                       XLXI_2/Mcount_COUNT_cy<6>
                                                       XLXI_2/Mcount_COUNT_cy<7>
    SLICE_X13Y20.CIN     net (fanout=1)        0.000   XLXI_2/Mcount_COUNT_cy<7>
    SLICE_X13Y20.COUT    Tbyp                  0.130   XLXI_2/COUNT<8>
                                                       XLXI_2/Mcount_COUNT_cy<8>
                                                       XLXI_2/Mcount_COUNT_cy<9>
    SLICE_X13Y21.CIN     net (fanout=1)        0.000   XLXI_2/Mcount_COUNT_cy<9>
    SLICE_X13Y21.COUT    Tbyp                  0.130   XLXI_2/COUNT<10>
                                                       XLXI_2/Mcount_COUNT_cy<10>
                                                       XLXI_2/Mcount_COUNT_cy<11>
    SLICE_X13Y22.CIN     net (fanout=1)        0.000   XLXI_2/Mcount_COUNT_cy<11>
    SLICE_X13Y22.CLK     Tcinck                0.704   XLXI_2/COUNT<12>
                                                       XLXI_2/Mcount_COUNT_cy<12>
                                                       XLXI_2/Mcount_COUNT_xor<13>
                                                       XLXI_2/COUNT_13
    -------------------------------------------------  ---------------------------
    Total                                      3.404ns (2.875ns logic, 0.529ns route)
                                                       (84.5% logic, 15.5% route)

--------------------------------------------------------------------------------
Slack (setup path):     80.135ns (requirement - (data path - clock path skew + uncertainty))
  Source:               XLXI_2/COUNT_1 (FF)
  Destination:          XLXI_2/COUNT_13 (FF)
  Requirement:          83.333ns
  Data Path Delay:      3.215ns (Levels of Logic = 7)
  Clock Path Skew:      0.017ns (0.022 - 0.005)
  Source Clock:         CLOCK_BUFGP rising at 0.000ns
  Destination Clock:    CLOCK_BUFGP rising at 83.333ns
  Clock Uncertainty:    0.000ns

  Maximum Data Path: XLXI_2/COUNT_1 to XLXI_2/COUNT_13
    Location             Delay type         Delay(ns)  Physical Resource
                                                       Logical Resource(s)
    -------------------------------------------------  -------------------
    SLICE_X13Y16.YQ      Tcko                  0.524   XLXI_2/COUNT<0>
                                                       XLXI_2/COUNT_1
    SLICE_X13Y16.G4      net (fanout=2)        0.328   XLXI_2/COUNT<1>
    SLICE_X13Y16.COUT    Topcyg                1.009   XLXI_2/COUNT<0>
                                                       XLXI_2/COUNT<1>_rt
                                                       XLXI_2/Mcount_COUNT_cy<1>
    SLICE_X13Y17.CIN     net (fanout=1)        0.000   XLXI_2/Mcount_COUNT_cy<1>
    SLICE_X13Y17.COUT    Tbyp                  0.130   XLXI_2/COUNT<2>
                                                       XLXI_2/Mcount_COUNT_cy<2>
                                                       XLXI_2/Mcount_COUNT_cy<3>
    SLICE_X13Y18.CIN     net (fanout=1)        0.000   XLXI_2/Mcount_COUNT_cy<3>
    SLICE_X13Y18.COUT    Tbyp                  0.130   XLXI_2/COUNT<4>
                                                       XLXI_2/Mcount_COUNT_cy<4>
                                                       XLXI_2/Mcount_COUNT_cy<5>
    SLICE_X13Y19.CIN     net (fanout=1)        0.000   XLXI_2/Mcount_COUNT_cy<5>
    SLICE_X13Y19.COUT    Tbyp                  0.130   XLXI_2/COUNT<6>
                                                       XLXI_2/Mcount_COUNT_cy<6>
                                                       XLXI_2/Mcount_COUNT_cy<7>
    SLICE_X13Y20.CIN     net (fanout=1)        0.000   XLXI_2/Mcount_COUNT_cy<7>
    SLICE_X13Y20.COUT    Tbyp                  0.130   XLXI_2/COUNT<8>
                                                       XLXI_2/Mcount_COUNT_cy<8>
                                                       XLXI_2/Mcount_COUNT_cy<9>
    SLICE_X13Y21.CIN     net (fanout=1)        0.000   XLXI_2/Mcount_COUNT_cy<9>
    SLICE_X13Y21.COUT    Tbyp                  0.130   XLXI_2/COUNT<10>
                                                       XLXI_2/Mcount_COUNT_cy<10>
                                                       XLXI_2/Mcount_COUNT_cy<11>
    SLICE_X13Y22.CIN     net (fanout=1)        0.000   XLXI_2/Mcount_COUNT_cy<11>
    SLICE_X13Y22.CLK     Tcinck                0.704   XLXI_2/COUNT<12>
                                                       XLXI_2/Mcount_COUNT_cy<12>
                                                       XLXI_2/Mcount_COUNT_xor<13>
                                                       XLXI_2/COUNT_13
    -------------------------------------------------  ---------------------------
    Total                                      3.215ns (2.887ns logic, 0.328ns route)
                                                       (89.8% logic, 10.2% route)

--------------------------------------------------------------------------------
Slack (setup path):     80.182ns (requirement - (data path - clock path skew + uncertainty))
  Source:               XLXI_2/COUNT_2 (FF)
  Destination:          XLXI_2/COUNT_13 (FF)
  Requirement:          83.333ns
  Data Path Delay:      3.168ns (Levels of Logic = 6)
  Clock Path Skew:      0.017ns (0.022 - 0.005)
  Source Clock:         CLOCK_BUFGP rising at 0.000ns
  Destination Clock:    CLOCK_BUFGP rising at 83.333ns
  Clock Uncertainty:    0.000ns

  Maximum Data Path: XLXI_2/COUNT_2 to XLXI_2/COUNT_13
    Location             Delay type         Delay(ns)  Physical Resource
                                                       Logical Resource(s)
    -------------------------------------------------  -------------------
    SLICE_X13Y17.XQ      Tcko                  0.495   XLXI_2/COUNT<2>
                                                       XLXI_2/COUNT_2
    SLICE_X13Y17.F2      net (fanout=2)        0.423   XLXI_2/COUNT<2>
    SLICE_X13Y17.COUT    Topcyf                1.026   XLXI_2/COUNT<2>
                                                       XLXI_2/COUNT<2>_rt
                                                       XLXI_2/Mcount_COUNT_cy<2>
                                                       XLXI_2/Mcount_COUNT_cy<3>
    SLICE_X13Y18.CIN     net (fanout=1)        0.000   XLXI_2/Mcount_COUNT_cy<3>
    SLICE_X13Y18.COUT    Tbyp                  0.130   XLXI_2/COUNT<4>
                                                       XLXI_2/Mcount_COUNT_cy<4>
                                                       XLXI_2/Mcount_COUNT_cy<5>
    SLICE_X13Y19.CIN     net (fanout=1)        0.000   XLXI_2/Mcount_COUNT_cy<5>
    SLICE_X13Y19.COUT    Tbyp                  0.130   XLXI_2/COUNT<6>
                                                       XLXI_2/Mcount_COUNT_cy<6>
                                                       XLXI_2/Mcount_COUNT_cy<7>
    SLICE_X13Y20.CIN     net (fanout=1)        0.000   XLXI_2/Mcount_COUNT_cy<7>
    SLICE_X13Y20.COUT    Tbyp                  0.130   XLXI_2/COUNT<8>
                                                       XLXI_2/Mcount_COUNT_cy<8>
                                                       XLXI_2/Mcount_COUNT_cy<9>
    SLICE_X13Y21.CIN     net (fanout=1)        0.000   XLXI_2/Mcount_COUNT_cy<9>
    SLICE_X13Y21.COUT    Tbyp                  0.130   XLXI_2/COUNT<10>
                                                       XLXI_2/Mcount_COUNT_cy<10>
                                                       XLXI_2/Mcount_COUNT_cy<11>
    SLICE_X13Y22.CIN     net (fanout=1)        0.000   XLXI_2/Mcount_COUNT_cy<11>
    SLICE_X13Y22.CLK     Tcinck                0.704   XLXI_2/COUNT<12>
                                                       XLXI_2/Mcount_COUNT_cy<12>
                                                       XLXI_2/Mcount_COUNT_xor<13>
                                                       XLXI_2/COUNT_13
    -------------------------------------------------  ---------------------------
    Total                                      3.168ns (2.745ns logic, 0.423ns route)
                                                       (86.6% logic, 13.4% route)

--------------------------------------------------------------------------------

Paths for end point XLXI_2/COUNT_14 (SLICE_X13Y23.CIN), 14 paths
--------------------------------------------------------------------------------
Slack (setup path):     79.991ns (requirement - (data path - clock path skew + uncertainty))
  Source:               XLXI_2/COUNT_0 (FF)
  Destination:          XLXI_2/COUNT_14 (FF)
  Requirement:          83.333ns
  Data Path Delay:      3.359ns (Levels of Logic = 8)
  Clock Path Skew:      0.017ns (0.022 - 0.005)
  Source Clock:         CLOCK_BUFGP rising at 0.000ns
  Destination Clock:    CLOCK_BUFGP rising at 83.333ns
  Clock Uncertainty:    0.000ns

  Maximum Data Path: XLXI_2/COUNT_0 to XLXI_2/COUNT_14
    Location             Delay type         Delay(ns)  Physical Resource
                                                       Logical Resource(s)
    -------------------------------------------------  -------------------
    SLICE_X13Y16.XQ      Tcko                  0.495   XLXI_2/COUNT<0>
                                                       XLXI_2/COUNT_0
    SLICE_X13Y16.F1      net (fanout=2)        0.529   XLXI_2/COUNT<0>
    SLICE_X13Y16.COUT    Topcyf                1.026   XLXI_2/COUNT<0>
                                                       XLXI_2/Mcount_COUNT_lut<0>_INV_0
                                                       XLXI_2/Mcount_COUNT_cy<0>
                                                       XLXI_2/Mcount_COUNT_cy<1>
    SLICE_X13Y17.CIN     net (fanout=1)        0.000   XLXI_2/Mcount_COUNT_cy<1>
    SLICE_X13Y17.COUT    Tbyp                  0.130   XLXI_2/COUNT<2>
                                                       XLXI_2/Mcount_COUNT_cy<2>
                                                       XLXI_2/Mcount_COUNT_cy<3>
    SLICE_X13Y18.CIN     net (fanout=1)        0.000   XLXI_2/Mcount_COUNT_cy<3>
    SLICE_X13Y18.COUT    Tbyp                  0.130   XLXI_2/COUNT<4>
                                                       XLXI_2/Mcount_COUNT_cy<4>
                                                       XLXI_2/Mcount_COUNT_cy<5>
    SLICE_X13Y19.CIN     net (fanout=1)        0.000   XLXI_2/Mcount_COUNT_cy<5>
    SLICE_X13Y19.COUT    Tbyp                  0.130   XLXI_2/COUNT<6>
                                                       XLXI_2/Mcount_COUNT_cy<6>
                                                       XLXI_2/Mcount_COUNT_cy<7>
    SLICE_X13Y20.CIN     net (fanout=1)        0.000   XLXI_2/Mcount_COUNT_cy<7>
    SLICE_X13Y20.COUT    Tbyp                  0.130   XLXI_2/COUNT<8>
                                                       XLXI_2/Mcount_COUNT_cy<8>
                                                       XLXI_2/Mcount_COUNT_cy<9>
    SLICE_X13Y21.CIN     net (fanout=1)        0.000   XLXI_2/Mcount_COUNT_cy<9>
    SLICE_X13Y21.COUT    Tbyp                  0.130   XLXI_2/COUNT<10>
                                                       XLXI_2/Mcount_COUNT_cy<10>
                                                       XLXI_2/Mcount_COUNT_cy<11>
    SLICE_X13Y22.CIN     net (fanout=1)        0.000   XLXI_2/Mcount_COUNT_cy<11>
    SLICE_X13Y22.COUT    Tbyp                  0.130   XLXI_2/COUNT<12>
                                                       XLXI_2/Mcount_COUNT_cy<12>
                                                       XLXI_2/Mcount_COUNT_cy<13>
    SLICE_X13Y23.CIN     net (fanout=1)        0.000   XLXI_2/Mcount_COUNT_cy<13>
    SLICE_X13Y23.CLK     Tcinck                0.529   XLXI_2/COUNT<14>
                                                       XLXI_2/Mcount_COUNT_xor<14>
                                                       XLXI_2/COUNT_14
    -------------------------------------------------  ---------------------------
    Total                                      3.359ns (2.830ns logic, 0.529ns route)
                                                       (84.3% logic, 15.7% route)

--------------------------------------------------------------------------------
Slack (setup path):     80.180ns (requirement - (data path - clock path skew + uncertainty))
  Source:               XLXI_2/COUNT_1 (FF)
  Destination:          XLXI_2/COUNT_14 (FF)
  Requirement:          83.333ns
  Data Path Delay:      3.170ns (Levels of Logic = 8)
  Clock Path Skew:      0.017ns (0.022 - 0.005)
  Source Clock:         CLOCK_BUFGP rising at 0.000ns
  Destination Clock:    CLOCK_BUFGP rising at 83.333ns
  Clock Uncertainty:    0.000ns

  Maximum Data Path: XLXI_2/COUNT_1 to XLXI_2/COUNT_14
    Location             Delay type         Delay(ns)  Physical Resource
                                                       Logical Resource(s)
    -------------------------------------------------  -------------------
    SLICE_X13Y16.YQ      Tcko                  0.524   XLXI_2/COUNT<0>
                                                       XLXI_2/COUNT_1
    SLICE_X13Y16.G4      net (fanout=2)        0.328   XLXI_2/COUNT<1>
    SLICE_X13Y16.COUT    Topcyg                1.009   XLXI_2/COUNT<0>
                                                       XLXI_2/COUNT<1>_rt
                                                       XLXI_2/Mcount_COUNT_cy<1>
    SLICE_X13Y17.CIN     net (fanout=1)        0.000   XLXI_2/Mcount_COUNT_cy<1>
    SLICE_X13Y17.COUT    Tbyp                  0.130   XLXI_2/COUNT<2>
                                                       XLXI_2/Mcount_COUNT_cy<2>
                                                       XLXI_2/Mcount_COUNT_cy<3>
    SLICE_X13Y18.CIN     net (fanout=1)        0.000   XLXI_2/Mcount_COUNT_cy<3>
    SLICE_X13Y18.COUT    Tbyp                  0.130   XLXI_2/COUNT<4>
                                                       XLXI_2/Mcount_COUNT_cy<4>
                                                       XLXI_2/Mcount_COUNT_cy<5>
    SLICE_X13Y19.CIN     net (fanout=1)        0.000   XLXI_2/Mcount_COUNT_cy<5>
    SLICE_X13Y19.COUT    Tbyp                  0.130   XLXI_2/COUNT<6>
                                                       XLXI_2/Mcount_COUNT_cy<6>
                                                       XLXI_2/Mcount_COUNT_cy<7>
    SLICE_X13Y20.CIN     net (fanout=1)        0.000   XLXI_2/Mcount_COUNT_cy<7>
    SLICE_X13Y20.COUT    Tbyp                  0.130   XLXI_2/COUNT<8>
                                                       XLXI_2/Mcount_COUNT_cy<8>
                                                       XLXI_2/Mcount_COUNT_cy<9>
    SLICE_X13Y21.CIN     net (fanout=1)        0.000   XLXI_2/Mcount_COUNT_cy<9>
    SLICE_X13Y21.COUT    Tbyp                  0.130   XLXI_2/COUNT<10>
                                                       XLXI_2/Mcount_COUNT_cy<10>
                                                       XLXI_2/Mcount_COUNT_cy<11>
    SLICE_X13Y22.CIN     net (fanout=1)        0.000   XLXI_2/Mcount_COUNT_cy<11>
    SLICE_X13Y22.COUT    Tbyp                  0.130   XLXI_2/COUNT<12>
                                                       XLXI_2/Mcount_COUNT_cy<12>
                                                       XLXI_2/Mcount_COUNT_cy<13>
    SLICE_X13Y23.CIN     net (fanout=1)        0.000   XLXI_2/Mcount_COUNT_cy<13>
    SLICE_X13Y23.CLK     Tcinck                0.529   XLXI_2/COUNT<14>
                                                       XLXI_2/Mcount_COUNT_xor<14>
                                                       XLXI_2/COUNT_14
    -------------------------------------------------  ---------------------------
    Total                                      3.170ns (2.842ns logic, 0.328ns route)
                                                       (89.7% logic, 10.3% route)

--------------------------------------------------------------------------------
Slack (setup path):     80.227ns (requirement - (data path - clock path skew + uncertainty))
  Source:               XLXI_2/COUNT_2 (FF)
  Destination:          XLXI_2/COUNT_14 (FF)
  Requirement:          83.333ns
  Data Path Delay:      3.123ns (Levels of Logic = 7)
  Clock Path Skew:      0.017ns (0.022 - 0.005)
  Source Clock:         CLOCK_BUFGP rising at 0.000ns
  Destination Clock:    CLOCK_BUFGP rising at 83.333ns
  Clock Uncertainty:    0.000ns

  Maximum Data Path: XLXI_2/COUNT_2 to XLXI_2/COUNT_14
    Location             Delay type         Delay(ns)  Physical Resource
                                                       Logical Resource(s)
    -------------------------------------------------  -------------------
    SLICE_X13Y17.XQ      Tcko                  0.495   XLXI_2/COUNT<2>
                                                       XLXI_2/COUNT_2
    SLICE_X13Y17.F2      net (fanout=2)        0.423   XLXI_2/COUNT<2>
    SLICE_X13Y17.COUT    Topcyf                1.026   XLXI_2/COUNT<2>
                                                       XLXI_2/COUNT<2>_rt
                                                       XLXI_2/Mcount_COUNT_cy<2>
                                                       XLXI_2/Mcount_COUNT_cy<3>
    SLICE_X13Y18.CIN     net (fanout=1)        0.000   XLXI_2/Mcount_COUNT_cy<3>
    SLICE_X13Y18.COUT    Tbyp                  0.130   XLXI_2/COUNT<4>
                                                       XLXI_2/Mcount_COUNT_cy<4>
                                                       XLXI_2/Mcount_COUNT_cy<5>
    SLICE_X13Y19.CIN     net (fanout=1)        0.000   XLXI_2/Mcount_COUNT_cy<5>
    SLICE_X13Y19.COUT    Tbyp                  0.130   XLXI_2/COUNT<6>
                                                       XLXI_2/Mcount_COUNT_cy<6>
                                                       XLXI_2/Mcount_COUNT_cy<7>
    SLICE_X13Y20.CIN     net (fanout=1)        0.000   XLXI_2/Mcount_COUNT_cy<7>
    SLICE_X13Y20.COUT    Tbyp                  0.130   XLXI_2/COUNT<8>
                                                       XLXI_2/Mcount_COUNT_cy<8>
                                                       XLXI_2/Mcount_COUNT_cy<9>
    SLICE_X13Y21.CIN     net (fanout=1)        0.000   XLXI_2/Mcount_COUNT_cy<9>
    SLICE_X13Y21.COUT    Tbyp                  0.130   XLXI_2/COUNT<10>
                                                       XLXI_2/Mcount_COUNT_cy<10>
                                                       XLXI_2/Mcount_COUNT_cy<11>
    SLICE_X13Y22.CIN     net (fanout=1)        0.000   XLXI_2/Mcount_COUNT_cy<11>
    SLICE_X13Y22.COUT    Tbyp                  0.130   XLXI_2/COUNT<12>
                                                       XLXI_2/Mcount_COUNT_cy<12>
                                                       XLXI_2/Mcount_COUNT_cy<13>
    SLICE_X13Y23.CIN     net (fanout=1)        0.000   XLXI_2/Mcount_COUNT_cy<13>
    SLICE_X13Y23.CLK     Tcinck                0.529   XLXI_2/COUNT<14>
                                                       XLXI_2/Mcount_COUNT_xor<14>
                                                       XLXI_2/COUNT_14
    -------------------------------------------------  ---------------------------
    Total                                      3.123ns (2.700ns logic, 0.423ns route)
                                                       (86.5% logic, 13.5% route)

--------------------------------------------------------------------------------

Hold Paths: NET "CLOCK_BUFGP/IBUFG" PERIOD = 83.3333333 ns HIGH 50%;
--------------------------------------------------------------------------------

Paths for end point XLXI_2/COUNT_14 (SLICE_X13Y23.F4), 1 path
--------------------------------------------------------------------------------
Slack (hold path):      1.359ns (requirement - (clock path skew + uncertainty - data path))
  Source:               XLXI_2/COUNT_14 (FF)
  Destination:          XLXI_2/COUNT_14 (FF)
  Requirement:          0.000ns
  Data Path Delay:      1.359ns (Levels of Logic = 1)
  Clock Path Skew:      0.000ns
  Source Clock:         CLOCK_BUFGP rising at 83.333ns
  Destination Clock:    CLOCK_BUFGP rising at 83.333ns
  Clock Uncertainty:    0.000ns

  Minimum Data Path: XLXI_2/COUNT_14 to XLXI_2/COUNT_14
    Location             Delay type         Delay(ns)  Physical Resource
                                                       Logical Resource(s)
    -------------------------------------------------  -------------------
    SLICE_X13Y23.XQ      Tcko                  0.396   XLXI_2/COUNT<14>
                                                       XLXI_2/COUNT_14
    SLICE_X13Y23.F4      net (fanout=2)        0.261   XLXI_2/COUNT<14>
    SLICE_X13Y23.CLK     Tckf        (-Th)    -0.702   XLXI_2/COUNT<14>
                                                       XLXI_2/COUNT<14>_rt
                                                       XLXI_2/Mcount_COUNT_xor<14>
                                                       XLXI_2/COUNT_14
    -------------------------------------------------  ---------------------------
    Total                                      1.359ns (1.098ns logic, 0.261ns route)
                                                       (80.8% logic, 19.2% route)

--------------------------------------------------------------------------------

Paths for end point XLXI_2/COUNT_12 (SLICE_X13Y22.F3), 1 path
--------------------------------------------------------------------------------
Slack (hold path):      1.383ns (requirement - (clock path skew + uncertainty - data path))
  Source:               XLXI_2/COUNT_12 (FF)
  Destination:          XLXI_2/COUNT_12 (FF)
  Requirement:          0.000ns
  Data Path Delay:      1.383ns (Levels of Logic = 1)
  Clock Path Skew:      0.000ns
  Source Clock:         CLOCK_BUFGP rising at 83.333ns
  Destination Clock:    CLOCK_BUFGP rising at 83.333ns
  Clock Uncertainty:    0.000ns

  Minimum Data Path: XLXI_2/COUNT_12 to XLXI_2/COUNT_12
    Location             Delay type         Delay(ns)  Physical Resource
                                                       Logical Resource(s)
    -------------------------------------------------  -------------------
    SLICE_X13Y22.XQ      Tcko                  0.396   XLXI_2/COUNT<12>
                                                       XLXI_2/COUNT_12
    SLICE_X13Y22.F3      net (fanout=2)        0.285   XLXI_2/COUNT<12>
    SLICE_X13Y22.CLK     Tckf        (-Th)    -0.702   XLXI_2/COUNT<12>
                                                       XLXI_2/COUNT<12>_rt
                                                       XLXI_2/Mcount_COUNT_xor<12>
                                                       XLXI_2/COUNT_12
    -------------------------------------------------  ---------------------------
    Total                                      1.383ns (1.098ns logic, 0.285ns route)
                                                       (79.4% logic, 20.6% route)

--------------------------------------------------------------------------------

Paths for end point XLXI_2/COUNT_6 (SLICE_X13Y19.F2), 1 path
--------------------------------------------------------------------------------
Slack (hold path):      1.434ns (requirement - (clock path skew + uncertainty - data path))
  Source:               XLXI_2/COUNT_6 (FF)
  Destination:          XLXI_2/COUNT_6 (FF)
  Requirement:          0.000ns
  Data Path Delay:      1.434ns (Levels of Logic = 1)
  Clock Path Skew:      0.000ns
  Source Clock:         CLOCK_BUFGP rising at 83.333ns
  Destination Clock:    CLOCK_BUFGP rising at 83.333ns
  Clock Uncertainty:    0.000ns

  Minimum Data Path: XLXI_2/COUNT_6 to XLXI_2/COUNT_6
    Location             Delay type         Delay(ns)  Physical Resource
                                                       Logical Resource(s)
    -------------------------------------------------  -------------------
    SLICE_X13Y19.XQ      Tcko                  0.396   XLXI_2/COUNT<6>
                                                       XLXI_2/COUNT_6
    SLICE_X13Y19.F2      net (fanout=2)        0.336   XLXI_2/COUNT<6>
    SLICE_X13Y19.CLK     Tckf        (-Th)    -0.702   XLXI_2/COUNT<6>
                                                       XLXI_2/COUNT<6>_rt
                                                       XLXI_2/Mcount_COUNT_xor<6>
                                                       XLXI_2/COUNT_6
    -------------------------------------------------  ---------------------------
    Total                                      1.434ns (1.098ns logic, 0.336ns route)
                                                       (76.6% logic, 23.4% route)

--------------------------------------------------------------------------------

Component Switching Limit Checks: NET "CLOCK_BUFGP/IBUFG" PERIOD = 83.3333333 ns HIGH 50%;
--------------------------------------------------------------------------------
Slack: 82.085ns (period - (min low pulse limit / (low pulse / period)))
  Period: 83.333ns
  Low pulse: 41.666ns
  Low pulse limit: 0.624ns (Tcl)
  Physical resource: XLXI_2/COUNT<0>/CLK
  Logical resource: XLXI_2/COUNT_0/CK
  Location pin: SLICE_X13Y16.CLK
  Clock network: CLOCK_BUFGP
--------------------------------------------------------------------------------
Slack: 82.085ns (period - (min high pulse limit / (high pulse / period)))
  Period: 83.333ns
  High pulse: 41.666ns
  High pulse limit: 0.624ns (Tch)
  Physical resource: XLXI_2/COUNT<0>/CLK
  Logical resource: XLXI_2/COUNT_0/CK
  Location pin: SLICE_X13Y16.CLK
  Clock network: CLOCK_BUFGP
--------------------------------------------------------------------------------
Slack: 82.085ns (period - (min low pulse limit / (low pulse / period)))
  Period: 83.333ns
  Low pulse: 41.666ns
  Low pulse limit: 0.624ns (Tcl)
  Physical resource: XLXI_2/COUNT<0>/CLK
  Logical resource: XLXI_2/COUNT_1/CK
  Location pin: SLICE_X13Y16.CLK
  Clock network: CLOCK_BUFGP
--------------------------------------------------------------------------------


All constraints were met.


Data Sheet report:
-----------------
All values displayed in nanoseconds (ns)

Clock to Setup on destination clock CLOCK
---------------+---------+---------+---------+---------+
               | Src:Rise| Src:Fall| Src:Rise| Src:Fall|
Source Clock   |Dest:Rise|Dest:Rise|Dest:Fall|Dest:Fall|
---------------+---------+---------+---------+---------+
CLOCK          |    3.517|         |         |         |
---------------+---------+---------+---------+---------+


Timing summary:
---------------

Timing errors: 0  Score: 0  (Setup/Max: 0, Hold: 0)

Constraints cover 136 paths, 0 nets, and 32 connections

Design statistics:
   Minimum period:   3.517ns{1}   (Maximum frequency: 284.333MHz)


------------------------------------Footnotes-----------------------------------
1)  The minimum period statistic assumes all single cycle delays.

Analysis completed Thu May 04 17:02:06 2023 
--------------------------------------------------------------------------------

Trace Settings:
-------------------------
Trace Settings 

Peak Memory Usage: 166 MB



