AR out_logic_intf out_logic_arch C:/1-6/3v/Lab_2_Example3/Lab_2_Example3/OutputLogic.vhd sub00/vhpl01 1683208903
AR lightcontroller_muser_toplevel behavioral C:/1-6/3v/Lab_2_Example3/Lab_2_Example3/TopLevel.vhf sub00/vhpl07 1683208909
AR lightcontroller behavioral C:/1-6/3v/Lab_2_Example3/Lab_2_Example3/LightController.vhf sub00/vhpl11 1683208913
AR cc16re_hxilinx_toplevel cc16re_hxilinx_toplevel_v C:/1-6/3v/Lab_2_Example3/Lab_2_Example3/TopLevel.vhf sub00/vhpl05 1683208907
EN transition_logic_intf NULL C:/1-6/3v/Lab_2_Example3/Lab_2_Example3/TransitionLogic.vhd sub00/vhpl02 1683208904
EN lightcontroller_muser_toplevel NULL C:/1-6/3v/Lab_2_Example3/Lab_2_Example3/TopLevel.vhf sub00/vhpl06 1683208908
EN toplevel NULL C:/1-6/3v/Lab_2_Example3/Lab_2_Example3/TopLevel.vhf sub00/vhpl08 1683208910
AR toplevel behavioral C:/1-6/3v/Lab_2_Example3/Lab_2_Example3/TopLevel.vhf sub00/vhpl09 1683208911
EN lightcontroller NULL C:/1-6/3v/Lab_2_Example3/Lab_2_Example3/LightController.vhf sub00/vhpl10 1683208912
AR transition_logic_intf transition_logic_arch C:/1-6/3v/Lab_2_Example3/Lab_2_Example3/TransitionLogic.vhd sub00/vhpl03 1683208905
EN cc16re_hxilinx_toplevel NULL C:/1-6/3v/Lab_2_Example3/Lab_2_Example3/TopLevel.vhf sub00/vhpl04 1683208906
EN out_logic_intf NULL C:/1-6/3v/Lab_2_Example3/Lab_2_Example3/OutputLogic.vhd sub00/vhpl00 1683208902
